// Jest Snapshot v1, https://goo.gl/fbAQLP

exports[`RecipeForm should match its snapshot 1`] = `
<div>
  <div class="v-card__text pt-3">
    <div class="row row--dense">
      <div class="col col-12">
        <div class="v-input v-input--dense theme--light v-text-field v-text-field--enclosed v-text-field--outlined">
          <div class="v-input__control">
            <div class="v-input__slot">
              <fieldset aria-hidden="true">
                <legend style="width: 0px;">
                  <span class="notranslate">​</span>
                </legend>
              </fieldset>
              <div class="v-text-field__slot">
                <label class="v-label theme--light" for="input-2" style="left: 0px; position: absolute;">Title</label>
                <input auto-grow data-cy="title" id="input-2" maxlength="100" type="text">
              </div>
            </div>
            <div class="v-text-field__details">
              <div class="v-messages theme--light">
                <transition-group-stub class="v-messages__wrapper" name="message-transition" tag="div"></transition-group-stub>
              </div>
            </div>
          </div>
        </div>
      </div>
      <div class="col col-12">
        <div class="v-input v-textarea v-textarea--auto-grow v-textarea--no-resize theme--light v-text-field v-text-field--enclosed v-text-field--outlined">
          <div class="v-input__control">
            <div class="v-input__slot">
              <fieldset aria-hidden="true">
                <legend style="width: 0px;">
                  <span class="notranslate">​</span>
                </legend>
              </fieldset>
              <div class="v-text-field__slot">
                <label class="v-label theme--light" for="input-5" style="left: 0px; position: absolute;">Description</label>
                <textarea data-cy="description" id="input-5" rows="5"></textarea>
              </div>
            </div>
            <div class="v-text-field__details">
              <div class="v-messages theme--light">
                <transition-group-stub class="v-messages__wrapper" name="message-transition" tag="div"></transition-group-stub>
              </div>
            </div>
          </div>
        </div>
      </div>
      <div class="col-sm-5 col-md-4 col-12">
        <div class="v-input v-input--dense theme--light v-text-field v-text-field--enclosed v-text-field--outlined v-file-input">
          <div class="v-input__prepend-outer">
            <div class="v-input__icon v-input__icon--prepend">
              <button aria-label="prepend icon" class="v-icon notranslate v-icon--link theme--light" type="button">
                <svg aria-hidden="true" class="v-icon__svg" role="img" viewBox="0 0 24 24" xmlns="http://www.w3.org/2000/svg">
                  <path d="M4,4H7L9,2H15L17,4H20A2,2 0 0,1 22,6V18A2,2 0 0,1 20,20H4A2,2 0 0,1 2,18V6A2,2 0 0,1 4,4M12,7A5,5 0 0,0 7,12A5,5 0 0,0 12,17A5,5 0 0,0 17,12A5,5 0 0,0 12,7M12,9A3,3 0 0,1 15,12A3,3 0 0,1 12,15A3,3 0 0,1 9,12A3,3 0 0,1 12,9Z" />
                </svg>
              </button>
            </div>
          </div>
          <div class="v-input__control">
            <div class="v-input__slot">
              <fieldset aria-hidden="true">
                <legend style="width: 0px;">
                  <span class="notranslate">​</span>
                </legend>
              </fieldset>
              <div class="v-text-field__slot">
                <label class="v-label theme--light" for="input-8" style="left: 0px; position: absolute;">image</label>
                <div class="v-file-input__text"></div>
                <input id="input-8" type="file">
              </div>
              <div class="v-input__append-inner">
                <div></div>
              </div>
            </div>
            <div class="v-text-field__details">
              <div class="v-messages theme--light">
                <transition-group-stub class="v-messages__wrapper" name="message-transition" tag="div"></transition-group-stub>
              </div>
            </div>
          </div>
        </div>
        <div class="img-area d-flex justify-center align-center">
          <p class="text-center font-italic">No image is selected</p>
        </div>
      </div>
      <div class="pl-sm-3 col-sm-7 col-md-8 col-12">
        <div>
          <div></div>
          <div class="row">
            <div class="spacer"></div>
            <div class="col col-auto">
              <button class="v-btn v-btn--has-bg theme--light v-size--default blue-grey lighten-5" type="button">
                <span class="v-btn__content">
                  <span aria-hidden="true" class="v-icon notranslate v-icon--left theme--light">
                    <svg aria-hidden="true" class="v-icon__svg" role="img" viewBox="0 0 24 24" xmlns="http://www.w3.org/2000/svg">
                      <path d="M19,13H13V19H11V13H5V11H11V5H13V11H19V13Z" />
                    </svg>
                  </span>
                  <span>Add item</span>
                </span>
              </button>
            </div>
          </div>
        </div>
      </div>
      <div class="col col-12">
        <div class="v-input theme--light v-text-field v-text-field--enclosed v-text-field--outlined v-select v-select--chips v-select--is-multi">
          <div class="v-input__control">
            <div aria-expanded="false" aria-haspopup="listbox" aria-owns="list-16" class="v-input__slot" role="button">
              <fieldset aria-hidden="true">
                <legend style="width: 0px;">
                  <span class="notranslate">​</span>
                </legend>
              </fieldset>
              <div class="v-select__slot">
                <label class="v-label theme--light" for="input-16" style="left: 0px; position: absolute;">Category</label>
                <div class="v-select__selections">
                  <input aria-readonly="false" autocomplete="off" id="input-16" readonly="readonly" type="text">
                </div>
                <div class="v-input__append-inner">
                  <div class="v-input__icon v-input__icon--append">
                    <i aria-hidden="true" class="v-icon notranslate mdi mdi-menu-down theme--light"></i>
                  </div>
                </div>
                <input type="hidden">
              </div>
              <div class="v-menu">
              </div>
            </div>
            <div class="v-text-field__details">
              <div class="v-messages theme--light">
                <transition-group-stub class="v-messages__wrapper" name="message-transition" tag="div"></transition-group-stub>
              </div>
            </div>
          </div>
        </div>
      </div>
    </div>
  </div>
</div>
`;
