// Jest Snapshot v1, https://goo.gl/fbAQLP

exports[`EditRecipeDialog should match its snapshot 1`] = `
<v-dialog-stub closedelay="0" contentclass maxwidth="1000px" opendelay="0" openonclick="true" origin="center center" persistent="true" retainfocus="true" scrollable="true" transition="dialog-transition" value="true">
  <v-card-stub loaderheight="4" tag="div">
    <v-card-title-stub class="lime lighten-3 white--text font-weight-light text-subtitle-1 text-sm-h6" tag="div">
      Add recipe
      <v-spacer-stub tag="div"></v-spacer-stub>
      <v-btn-stub activeclass class="white--text ml-2" icon="true" tag="button" type="button">
        <v-icon-stub>M19,6.41L17.59,5L12,10.59L6.41,5L5,6.41L10.59,12L5,17.59L6.41,19L12,13.41L17.59,19L19,17.59L13.41,12L19,6.41Z</v-icon-stub>
      </v-btn-stub>
    </v-card-title-stub>
    <v-card-text-stub class="pt-4" tag="div">
      <v-form-stub lazyvalidation="true" value="true">
        <recipeform-stub recipe="[object Object]"></recipeform-stub>
      </v-form-stub>
    </v-card-text-stub>
    <v-divider-stub></v-divider-stub>
    <v-card-actions-stub tag="div">
      <v-btn-stub activeclass class="mx-2 mx-sm-0" data-cy="saveButton" tag="button" text="true" type="button">
        <v-icon-stub left="true">
          M21,7L9,19L3.5,13.5L4.91,12.09L9,16.17L19.59,5.59L21,7Z
        </v-icon-stub>
        <span>Save</span>
      </v-btn-stub>
      <v-btn-stub activeclass data-cy="cancelButton" tag="button" text="true" type="button">
        <v-icon-stub>
          M12 2C17.5 2 22 6.5 22 12S17.5 22 12 22 2 17.5 2 12 6.5 2 12 2M12 4C10.1 4 8.4 4.6 7.1 5.7L18.3 16.9C19.3 15.5 20 13.8 20 12C20 7.6 16.4 4 12 4M16.9 18.3L5.7 7.1C4.6 8.4 4 10.1 4 12C4 16.4 7.6 20 12 20C13.9 20 15.6 19.4 16.9 18.3Z
        </v-icon-stub>
        <span>Cancel</span>
      </v-btn-stub>
    </v-card-actions-stub>
  </v-card-stub>
</v-dialog-stub>
`;
